=== Testing Kurulus Orhan Episode 10 ===
This episode is NOT on primary site series page
It SHOULD find links on qayadatplay.com fallback


=== RESULTS ===
Streams found: 3

Stream 1:
  Title: Qayadat Play - 480p  (573 MB)
  URL: https://pixeldrain.com/api/file/mJzeQCim

Stream 2:
  Title: Qayadat Play - 720p  (946 MB)
  URL: https://pixeldrain.com/api/file/1bQPJ6tH

Stream 3:
  Title: Qayadat Play - Blu-ray (Ultra Big Screens) (4.84 GB)
  URL: https://pixeldrain.com/api/file/moB5Hwy4